

================================================================
== Vitis HLS Report for 'fir'
================================================================
* Date:           Fri Oct 20 17:39:48 2023

* Version:        2023.1 (Build 3854077 on May  4 2023)
* Project:        fir_128
* Solution:       solution1 (Vivado IP Flow Target)
* Product family: zynq
* Target device:  xc7z020-clg400-1


================================================================
== Performance Estimates
================================================================
+ Timing: 
    * Summary: 
    +--------+----------+-----------+------------+
    |  Clock |  Target  | Estimated | Uncertainty|
    +--------+----------+-----------+------------+
    |ap_clk  |  16.00 ns|  11.294 ns|     4.32 ns|
    +--------+----------+-----------+------------+

+ Latency: 
    * Summary: 
    +---------+---------+----------+----------+-----+-----+---------+
    |  Latency (cycles) |  Latency (absolute) |  Interval | Pipeline|
    |   min   |   max   |    min   |    max   | min | max |   Type  |
    +---------+---------+----------+----------+-----+-----+---------+
    |       20|       20|  0.320 us|  0.320 us|   21|   21|       no|
    +---------+---------+----------+----------+-----+-----+---------+

    + Detail: 
        * Instance: 
        +------------------------------------------+------------------------------+---------+---------+-----------+-----------+-----+-----+---------+
        |                                          |                              |  Latency (cycles) |   Latency (absolute)  |  Interval | Pipeline|
        |                 Instance                 |            Module            |   min   |   max   |    min    |    max    | min | max |   Type  |
        +------------------------------------------+------------------------------+---------+---------+-----------+-----------+-----+-----+---------+
        |grp_fir_Pipeline_VITIS_LOOP_33_1_fu_1341  |fir_Pipeline_VITIS_LOOP_33_1  |        6|        6|  96.000 ns|  96.000 ns|    6|    6|       no|
        |grp_fir_Pipeline_VITIS_LOOP_38_2_fu_1857  |fir_Pipeline_VITIS_LOOP_38_2  |       10|       10|   0.160 us|   0.160 us|   10|   10|       no|
        +------------------------------------------+------------------------------+---------+---------+-----------+-----------+-----+-----+---------+

        * Loop: 
        N/A



================================================================
== Utilization Estimates
================================================================
* Summary: 
+-----------------+---------+-----+--------+-------+-----+
|       Name      | BRAM_18K| DSP |   FF   |  LUT  | URAM|
+-----------------+---------+-----+--------+-------+-----+
|DSP              |        -|    -|       -|      -|    -|
|Expression       |        -|    -|       0|   4160|    -|
|FIFO             |        -|    -|       -|      -|    -|
|Instance         |       32|   64|   18944|  95347|    -|
|Memory           |        -|    -|       -|      -|    -|
|Multiplexer      |        -|    -|       -|     40|    -|
|Register         |        -|    -|    8264|      -|    -|
+-----------------+---------+-----+--------+-------+-----+
|Total            |       32|   64|   27208|  99547|    0|
+-----------------+---------+-----+--------+-------+-----+
|Available        |      280|  220|  106400|  53200|    0|
+-----------------+---------+-----+--------+-------+-----+
|Utilization (%)  |       11|   29|      25|    187|    0|
+-----------------+---------+-----+--------+-------+-----+

+ Detail: 
    * Instance: 
    +------------------------------------------+------------------------------+---------+----+-------+-------+-----+
    |                 Instance                 |            Module            | BRAM_18K| DSP|   FF  |  LUT  | URAM|
    +------------------------------------------+------------------------------+---------+----+-------+-------+-----+
    |control_s_axi_U                           |control_s_axi                 |        0|   0|    112|    168|    0|
    |grp_fir_Pipeline_VITIS_LOOP_33_1_fu_1341  |fir_Pipeline_VITIS_LOOP_33_1  |        0|   0|  15317|  71336|    0|
    |grp_fir_Pipeline_VITIS_LOOP_38_2_fu_1857  |fir_Pipeline_VITIS_LOOP_38_2  |       32|  64|   3515|  23843|    0|
    +------------------------------------------+------------------------------+---------+----+-------+-------+-----+
    |Total                                     |                              |       32|  64|  18944|  95347|    0|
    +------------------------------------------+------------------------------+---------+----+-------+-------+-----+

    * DSP: 
    N/A

    * Memory: 
    N/A

    * FIFO: 
    N/A

    * Expression: 
    +----------------------------+----------+----+---+----+------------+------------+
    |        Variable Name       | Operation| DSP| FF| LUT| Bitwidth P0| Bitwidth P1|
    +----------------------------+----------+----+---+----+------------+------------+
    |add_ln42_fu_3799_p2         |         +|   0|  0|  32|          32|          32|
    |y                           |         +|   0|  0|  32|          32|          32|
    |select_ln33_100_fu_3560_p3  |    select|   0|  0|  32|           1|          32|
    |select_ln33_101_fu_3568_p3  |    select|   0|  0|  32|           1|          32|
    |select_ln33_102_fu_3576_p3  |    select|   0|  0|  32|           1|          32|
    |select_ln33_103_fu_3584_p3  |    select|   0|  0|  32|           1|          32|
    |select_ln33_104_fu_3592_p3  |    select|   0|  0|  32|           1|          32|
    |select_ln33_105_fu_3600_p3  |    select|   0|  0|  32|           1|          32|
    |select_ln33_106_fu_3608_p3  |    select|   0|  0|  32|           1|          32|
    |select_ln33_107_fu_3616_p3  |    select|   0|  0|  32|           1|          32|
    |select_ln33_108_fu_3624_p3  |    select|   0|  0|  32|           1|          32|
    |select_ln33_109_fu_3632_p3  |    select|   0|  0|  32|           1|          32|
    |select_ln33_10_fu_2840_p3   |    select|   0|  0|  32|           1|          32|
    |select_ln33_110_fu_3640_p3  |    select|   0|  0|  32|           1|          32|
    |select_ln33_111_fu_3648_p3  |    select|   0|  0|  32|           1|          32|
    |select_ln33_112_fu_3656_p3  |    select|   0|  0|  32|           1|          32|
    |select_ln33_113_fu_3664_p3  |    select|   0|  0|  32|           1|          32|
    |select_ln33_114_fu_3672_p3  |    select|   0|  0|  32|           1|          32|
    |select_ln33_115_fu_3680_p3  |    select|   0|  0|  32|           1|          32|
    |select_ln33_116_fu_3688_p3  |    select|   0|  0|  32|           1|          32|
    |select_ln33_117_fu_3696_p3  |    select|   0|  0|  32|           1|          32|
    |select_ln33_118_fu_3704_p3  |    select|   0|  0|  32|           1|          32|
    |select_ln33_119_fu_3712_p3  |    select|   0|  0|  32|           1|          32|
    |select_ln33_11_fu_2848_p3   |    select|   0|  0|  32|           1|          32|
    |select_ln33_120_fu_3720_p3  |    select|   0|  0|  32|           1|          32|
    |select_ln33_121_fu_3728_p3  |    select|   0|  0|  32|           1|          32|
    |select_ln33_122_fu_3736_p3  |    select|   0|  0|  32|           1|          32|
    |select_ln33_123_fu_3744_p3  |    select|   0|  0|  32|           1|          32|
    |select_ln33_124_fu_3752_p3  |    select|   0|  0|  32|           1|          32|
    |select_ln33_125_fu_3760_p3  |    select|   0|  0|  32|           1|          32|
    |select_ln33_126_fu_3768_p3  |    select|   0|  0|  32|           1|          32|
    |select_ln33_127_fu_3776_p3  |    select|   0|  0|  32|           1|          32|
    |select_ln33_12_fu_2856_p3   |    select|   0|  0|  32|           1|          32|
    |select_ln33_13_fu_2864_p3   |    select|   0|  0|  32|           1|          32|
    |select_ln33_14_fu_2872_p3   |    select|   0|  0|  32|           1|          32|
    |select_ln33_15_fu_2880_p3   |    select|   0|  0|  32|           1|          32|
    |select_ln33_16_fu_2888_p3   |    select|   0|  0|  32|           1|          32|
    |select_ln33_17_fu_2896_p3   |    select|   0|  0|  32|           1|          32|
    |select_ln33_18_fu_2904_p3   |    select|   0|  0|  32|           1|          32|
    |select_ln33_19_fu_2912_p3   |    select|   0|  0|  32|           1|          32|
    |select_ln33_1_fu_2768_p3    |    select|   0|  0|  32|           1|          32|
    |select_ln33_20_fu_2920_p3   |    select|   0|  0|  32|           1|          32|
    |select_ln33_21_fu_2928_p3   |    select|   0|  0|  32|           1|          32|
    |select_ln33_22_fu_2936_p3   |    select|   0|  0|  32|           1|          32|
    |select_ln33_23_fu_2944_p3   |    select|   0|  0|  32|           1|          32|
    |select_ln33_24_fu_2952_p3   |    select|   0|  0|  32|           1|          32|
    |select_ln33_25_fu_2960_p3   |    select|   0|  0|  32|           1|          32|
    |select_ln33_26_fu_2968_p3   |    select|   0|  0|  32|           1|          32|
    |select_ln33_27_fu_2976_p3   |    select|   0|  0|  32|           1|          32|
    |select_ln33_28_fu_2984_p3   |    select|   0|  0|  32|           1|          32|
    |select_ln33_29_fu_2992_p3   |    select|   0|  0|  32|           1|          32|
    |select_ln33_2_fu_2776_p3    |    select|   0|  0|  32|           1|          32|
    |select_ln33_30_fu_3000_p3   |    select|   0|  0|  32|           1|          32|
    |select_ln33_31_fu_3008_p3   |    select|   0|  0|  32|           1|          32|
    |select_ln33_32_fu_3016_p3   |    select|   0|  0|  32|           1|          32|
    |select_ln33_33_fu_3024_p3   |    select|   0|  0|  32|           1|          32|
    |select_ln33_34_fu_3032_p3   |    select|   0|  0|  32|           1|          32|
    |select_ln33_35_fu_3040_p3   |    select|   0|  0|  32|           1|          32|
    |select_ln33_36_fu_3048_p3   |    select|   0|  0|  32|           1|          32|
    |select_ln33_37_fu_3056_p3   |    select|   0|  0|  32|           1|          32|
    |select_ln33_38_fu_3064_p3   |    select|   0|  0|  32|           1|          32|
    |select_ln33_39_fu_3072_p3   |    select|   0|  0|  32|           1|          32|
    |select_ln33_3_fu_2784_p3    |    select|   0|  0|  32|           1|          32|
    |select_ln33_40_fu_3080_p3   |    select|   0|  0|  32|           1|          32|
    |select_ln33_41_fu_3088_p3   |    select|   0|  0|  32|           1|          32|
    |select_ln33_42_fu_3096_p3   |    select|   0|  0|  32|           1|          32|
    |select_ln33_43_fu_3104_p3   |    select|   0|  0|  32|           1|          32|
    |select_ln33_44_fu_3112_p3   |    select|   0|  0|  32|           1|          32|
    |select_ln33_45_fu_3120_p3   |    select|   0|  0|  32|           1|          32|
    |select_ln33_46_fu_3128_p3   |    select|   0|  0|  32|           1|          32|
    |select_ln33_47_fu_3136_p3   |    select|   0|  0|  32|           1|          32|
    |select_ln33_48_fu_3144_p3   |    select|   0|  0|  32|           1|          32|
    |select_ln33_49_fu_3152_p3   |    select|   0|  0|  32|           1|          32|
    |select_ln33_4_fu_2792_p3    |    select|   0|  0|  32|           1|          32|
    |select_ln33_50_fu_3160_p3   |    select|   0|  0|  32|           1|          32|
    |select_ln33_51_fu_3168_p3   |    select|   0|  0|  32|           1|          32|
    |select_ln33_52_fu_3176_p3   |    select|   0|  0|  32|           1|          32|
    |select_ln33_53_fu_3184_p3   |    select|   0|  0|  32|           1|          32|
    |select_ln33_54_fu_3192_p3   |    select|   0|  0|  32|           1|          32|
    |select_ln33_55_fu_3200_p3   |    select|   0|  0|  32|           1|          32|
    |select_ln33_56_fu_3208_p3   |    select|   0|  0|  32|           1|          32|
    |select_ln33_57_fu_3216_p3   |    select|   0|  0|  32|           1|          32|
    |select_ln33_58_fu_3224_p3   |    select|   0|  0|  32|           1|          32|
    |select_ln33_59_fu_3232_p3   |    select|   0|  0|  32|           1|          32|
    |select_ln33_5_fu_2800_p3    |    select|   0|  0|  32|           1|          32|
    |select_ln33_60_fu_3240_p3   |    select|   0|  0|  32|           1|          32|
    |select_ln33_61_fu_3248_p3   |    select|   0|  0|  32|           1|          32|
    |select_ln33_62_fu_3256_p3   |    select|   0|  0|  32|           1|          32|
    |select_ln33_63_fu_3264_p3   |    select|   0|  0|  32|           1|          32|
    |select_ln33_64_fu_3272_p3   |    select|   0|  0|  32|           1|          32|
    |select_ln33_65_fu_3280_p3   |    select|   0|  0|  32|           1|          32|
    |select_ln33_66_fu_3288_p3   |    select|   0|  0|  32|           1|          32|
    |select_ln33_67_fu_3296_p3   |    select|   0|  0|  32|           1|          32|
    |select_ln33_68_fu_3304_p3   |    select|   0|  0|  32|           1|          32|
    |select_ln33_69_fu_3312_p3   |    select|   0|  0|  32|           1|          32|
    |select_ln33_6_fu_2808_p3    |    select|   0|  0|  32|           1|          32|
    |select_ln33_70_fu_3320_p3   |    select|   0|  0|  32|           1|          32|
    |select_ln33_71_fu_3328_p3   |    select|   0|  0|  32|           1|          32|
    |select_ln33_72_fu_3336_p3   |    select|   0|  0|  32|           1|          32|
    |select_ln33_73_fu_3344_p3   |    select|   0|  0|  32|           1|          32|
    |select_ln33_74_fu_3352_p3   |    select|   0|  0|  32|           1|          32|
    |select_ln33_75_fu_3360_p3   |    select|   0|  0|  32|           1|          32|
    |select_ln33_76_fu_3368_p3   |    select|   0|  0|  32|           1|          32|
    |select_ln33_77_fu_3376_p3   |    select|   0|  0|  32|           1|          32|
    |select_ln33_78_fu_3384_p3   |    select|   0|  0|  32|           1|          32|
    |select_ln33_79_fu_3392_p3   |    select|   0|  0|  32|           1|          32|
    |select_ln33_7_fu_2816_p3    |    select|   0|  0|  32|           1|          32|
    |select_ln33_80_fu_3400_p3   |    select|   0|  0|  32|           1|          32|
    |select_ln33_81_fu_3408_p3   |    select|   0|  0|  32|           1|          32|
    |select_ln33_82_fu_3416_p3   |    select|   0|  0|  32|           1|          32|
    |select_ln33_83_fu_3424_p3   |    select|   0|  0|  32|           1|          32|
    |select_ln33_84_fu_3432_p3   |    select|   0|  0|  32|           1|          32|
    |select_ln33_85_fu_3440_p3   |    select|   0|  0|  32|           1|          32|
    |select_ln33_86_fu_3448_p3   |    select|   0|  0|  32|           1|          32|
    |select_ln33_87_fu_3456_p3   |    select|   0|  0|  32|           1|          32|
    |select_ln33_88_fu_3464_p3   |    select|   0|  0|  32|           1|          32|
    |select_ln33_89_fu_3472_p3   |    select|   0|  0|  32|           1|          32|
    |select_ln33_8_fu_2824_p3    |    select|   0|  0|  32|           1|          32|
    |select_ln33_90_fu_3480_p3   |    select|   0|  0|  32|           1|          32|
    |select_ln33_91_fu_3488_p3   |    select|   0|  0|  32|           1|          32|
    |select_ln33_92_fu_3496_p3   |    select|   0|  0|  32|           1|          32|
    |select_ln33_93_fu_3504_p3   |    select|   0|  0|  32|           1|          32|
    |select_ln33_94_fu_3512_p3   |    select|   0|  0|  32|           1|          32|
    |select_ln33_95_fu_3520_p3   |    select|   0|  0|  32|           1|          32|
    |select_ln33_96_fu_3528_p3   |    select|   0|  0|  32|           1|          32|
    |select_ln33_97_fu_3536_p3   |    select|   0|  0|  32|           1|          32|
    |select_ln33_98_fu_3544_p3   |    select|   0|  0|  32|           1|          32|
    |select_ln33_99_fu_3552_p3   |    select|   0|  0|  32|           1|          32|
    |select_ln33_9_fu_2832_p3    |    select|   0|  0|  32|           1|          32|
    |select_ln33_fu_2760_p3      |    select|   0|  0|  32|           1|          32|
    +----------------------------+----------+----+---+----+------------+------------+
    |Total                       |          |   0|  0|4160|         192|        4160|
    +----------------------------+----------+----+---+----+------------+------------+

    * Multiplexer: 
    +--------------------+----+-----------+-----+-----------+
    |        Name        | LUT| Input Size| Bits| Total Bits|
    +--------------------+----+-----------+-----+-----------+
    |ap_NS_fsm           |  31|          6|    1|          6|
    |fir_int_int_my_reg  |   9|          2|   32|         64|
    +--------------------+----+-----------+-----+-----------+
    |Total               |  40|          8|   33|         70|
    +--------------------+----+-----------+-----+-----------+

    * Register: 
    +-------------------------------------------------------+----+----+-----+-----------+
    |                          Name                         | FF | LUT| Bits| Const Bits|
    +-------------------------------------------------------+----+----+-----+-----------+
    |acc_2_loc_fu_300                                       |  32|   0|   32|          0|
    |ap_CS_fsm                                              |   5|   0|    5|          0|
    |fir_int_int_my_reg                                     |  32|   0|   32|          0|
    |grp_fir_Pipeline_VITIS_LOOP_33_1_fu_1341_ap_start_reg  |   1|   0|    1|          0|
    |grp_fir_Pipeline_VITIS_LOOP_38_2_fu_1857_ap_start_reg  |   1|   0|    1|          0|
    |mux_case_060589324_phi_loc_fu_1200                     |  32|   0|   32|          0|
    |mux_case_1003023_phi_loc_fu_1220                       |  32|   0|   32|          0|
    |mux_case_1013024_phi_loc_fu_1224                       |  32|   0|   32|          0|
    |mux_case_1023025_phi_loc_fu_1228                       |  32|   0|   32|          0|
    |mux_case_1033026_phi_loc_fu_1232                       |  32|   0|   32|          0|
    |mux_case_1043027_phi_loc_fu_1236                       |  32|   0|   32|          0|
    |mux_case_1049909294_phi_loc_fu_1160                    |  32|   0|   32|          0|
    |mux_case_1053028_phi_loc_fu_1240                       |  32|   0|   32|          0|
    |mux_case_1063029_phi_loc_fu_1244                       |  32|   0|   32|          0|
    |mux_case_1073030_phi_loc_fu_1248                       |  32|   0|   32|          0|
    |mux_case_1083031_phi_loc_fu_1252                       |  32|   0|   32|          0|
    |mux_case_1093032_phi_loc_fu_1256                       |  32|   0|   32|          0|
    |mux_case_1103033_phi_loc_fu_1260                       |  32|   0|   32|          0|
    |mux_case_1113034_phi_loc_fu_1264                       |  32|   0|   32|          0|
    |mux_case_1123035_phi_loc_fu_1268                       |  32|   0|   32|          0|
    |mux_case_1133036_phi_loc_fu_1272                       |  32|   0|   32|          0|
    |mux_case_1143037_phi_loc_fu_1276                       |  32|   0|   32|          0|
    |mux_case_1148939291_phi_loc_fu_1156                    |  32|   0|   32|          0|
    |mux_case_1153038_phi_loc_fu_1280                       |  32|   0|   32|          0|
    |mux_case_1163039_phi_loc_fu_1284                       |  32|   0|   32|          0|
    |mux_case_1173040_phi_loc_fu_1288                       |  32|   0|   32|          0|
    |mux_case_1183041_phi_loc_fu_1292                       |  32|   0|   32|          0|
    |mux_case_1193042_phi_loc_fu_1296                       |  32|   0|   32|          0|
    |mux_case_1203043_phi_loc_fu_1300                       |  32|   0|   32|          0|
    |mux_case_1213044_phi_loc_fu_1304                       |  32|   0|   32|          0|
    |mux_case_1223045_phi_loc_fu_1308                       |  32|   0|   32|          0|
    |mux_case_1233046_phi_loc_fu_1312                       |  32|   0|   32|          0|
    |mux_case_1243047_phi_loc_fu_1316                       |  32|   0|   32|          0|
    |mux_case_1247969288_phi_loc_fu_1152                    |  32|   0|   32|          0|
    |mux_case_1253048_phi_loc_fu_1320                       |  32|   0|   32|          0|
    |mux_case_1263049_phi_loc_fu_1324                       |  32|   0|   32|          0|
    |mux_case_127_phi_loc_fu_1204                           |  32|   0|   32|          0|
    |mux_case_1346999285_phi_loc_fu_1148                    |  32|   0|   32|          0|
    |mux_case_1446029282_phi_loc_fu_1144                    |  32|   0|   32|          0|
    |mux_case_1545059279_phi_loc_fu_1140                    |  32|   0|   32|          0|
    |mux_case_158649321_phi_loc_fu_1196                     |  32|   0|   32|          0|
    |mux_case_1644089276_phi_loc_fu_1136                    |  32|   0|   32|          0|
    |mux_case_1743119273_phi_loc_fu_1132                    |  32|   0|   32|          0|
    |mux_case_1842149270_phi_loc_fu_1128                    |  32|   0|   32|          0|
    |mux_case_1941179267_phi_loc_fu_1124                    |  32|   0|   32|          0|
    |mux_case_2040209264_phi_loc_fu_1120                    |  32|   0|   32|          0|
    |mux_case_2139239261_phi_loc_fu_1116                    |  32|   0|   32|          0|
    |mux_case_2238269258_phi_loc_fu_1112                    |  32|   0|   32|          0|
    |mux_case_2337299255_phi_loc_fu_1108                    |  32|   0|   32|          0|
    |mux_case_2436329252_phi_loc_fu_1104                    |  32|   0|   32|          0|
    |mux_case_2535359249_phi_loc_fu_1100                    |  32|   0|   32|          0|
    |mux_case_257669318_phi_loc_fu_1192                     |  32|   0|   32|          0|
    |mux_case_2634389246_phi_loc_fu_1096                    |  32|   0|   32|          0|
    |mux_case_2733419243_phi_loc_fu_1092                    |  32|   0|   32|          0|
    |mux_case_2832449240_phi_loc_fu_1088                    |  32|   0|   32|          0|
    |mux_case_2931479237_phi_loc_fu_1084                    |  32|   0|   32|          0|
    |mux_case_3030509234_phi_loc_fu_1080                    |  32|   0|   32|          0|
    |mux_case_3129549006_phi_loc_fu_816                     |  32|   0|   32|          0|
    |mux_case_3229559009_phi_loc_fu_820                     |  32|   0|   32|          0|
    |mux_case_3329569012_phi_loc_fu_824                     |  32|   0|   32|          0|
    |mux_case_3429579015_phi_loc_fu_828                     |  32|   0|   32|          0|
    |mux_case_3529589018_phi_loc_fu_832                     |  32|   0|   32|          0|
    |mux_case_356699315_phi_loc_fu_1188                     |  32|   0|   32|          0|
    |mux_case_3629599021_phi_loc_fu_836                     |  32|   0|   32|          0|
    |mux_case_3729609024_phi_loc_fu_840                     |  32|   0|   32|          0|
    |mux_case_3829619027_phi_loc_fu_844                     |  32|   0|   32|          0|
    |mux_case_3929629030_phi_loc_fu_848                     |  32|   0|   32|          0|
    |mux_case_4029639033_phi_loc_fu_852                     |  32|   0|   32|          0|
    |mux_case_4129649036_phi_loc_fu_856                     |  32|   0|   32|          0|
    |mux_case_4229659039_phi_loc_fu_860                     |  32|   0|   32|          0|
    |mux_case_4329669042_phi_loc_fu_864                     |  32|   0|   32|          0|
    |mux_case_4429679045_phi_loc_fu_868                     |  32|   0|   32|          0|
    |mux_case_4529689048_phi_loc_fu_872                     |  32|   0|   32|          0|
    |mux_case_455729312_phi_loc_fu_1184                     |  32|   0|   32|          0|
    |mux_case_4629699051_phi_loc_fu_876                     |  32|   0|   32|          0|
    |mux_case_4729709054_phi_loc_fu_880                     |  32|   0|   32|          0|
    |mux_case_4829719057_phi_loc_fu_884                     |  32|   0|   32|          0|
    |mux_case_4929729060_phi_loc_fu_888                     |  32|   0|   32|          0|
    |mux_case_5029739063_phi_loc_fu_892                     |  32|   0|   32|          0|
    |mux_case_5129749066_phi_loc_fu_896                     |  32|   0|   32|          0|
    |mux_case_5229759069_phi_loc_fu_900                     |  32|   0|   32|          0|
    |mux_case_5329769072_phi_loc_fu_904                     |  32|   0|   32|          0|
    |mux_case_5429779075_phi_loc_fu_908                     |  32|   0|   32|          0|
    |mux_case_5529789078_phi_loc_fu_912                     |  32|   0|   32|          0|
    |mux_case_554759309_phi_loc_fu_1180                     |  32|   0|   32|          0|
    |mux_case_5629799081_phi_loc_fu_916                     |  32|   0|   32|          0|
    |mux_case_5729809084_phi_loc_fu_920                     |  32|   0|   32|          0|
    |mux_case_5829819087_phi_loc_fu_924                     |  32|   0|   32|          0|
    |mux_case_5929829090_phi_loc_fu_928                     |  32|   0|   32|          0|
    |mux_case_6029839093_phi_loc_fu_932                     |  32|   0|   32|          0|
    |mux_case_6129849096_phi_loc_fu_936                     |  32|   0|   32|          0|
    |mux_case_6229859099_phi_loc_fu_940                     |  32|   0|   32|          0|
    |mux_case_6329869102_phi_loc_fu_944                     |  32|   0|   32|          0|
    |mux_case_6429879105_phi_loc_fu_948                     |  32|   0|   32|          0|
    |mux_case_6529889108_phi_loc_fu_952                     |  32|   0|   32|          0|
    |mux_case_653789306_phi_loc_fu_1176                     |  32|   0|   32|          0|
    |mux_case_6629899111_phi_loc_fu_956                     |  32|   0|   32|          0|
    |mux_case_6729909114_phi_loc_fu_960                     |  32|   0|   32|          0|
    |mux_case_6829919117_phi_loc_fu_964                     |  32|   0|   32|          0|
    |mux_case_6929929120_phi_loc_fu_968                     |  32|   0|   32|          0|
    |mux_case_7029939123_phi_loc_fu_972                     |  32|   0|   32|          0|
    |mux_case_7129949126_phi_loc_fu_976                     |  32|   0|   32|          0|
    |mux_case_7229959129_phi_loc_fu_980                     |  32|   0|   32|          0|
    |mux_case_7329969132_phi_loc_fu_984                     |  32|   0|   32|          0|
    |mux_case_7429979135_phi_loc_fu_988                     |  32|   0|   32|          0|
    |mux_case_752819303_phi_loc_fu_1172                     |  32|   0|   32|          0|
    |mux_case_7529989138_phi_loc_fu_992                     |  32|   0|   32|          0|
    |mux_case_7629999141_phi_loc_fu_996                     |  32|   0|   32|          0|
    |mux_case_7730009144_phi_loc_fu_1000                    |  32|   0|   32|          0|
    |mux_case_7830019147_phi_loc_fu_1004                    |  32|   0|   32|          0|
    |mux_case_7930029150_phi_loc_fu_1008                    |  32|   0|   32|          0|
    |mux_case_8030039153_phi_loc_fu_1012                    |  32|   0|   32|          0|
    |mux_case_8130049156_phi_loc_fu_1016                    |  32|   0|   32|          0|
    |mux_case_8230059159_phi_loc_fu_1020                    |  32|   0|   32|          0|
    |mux_case_8330069162_phi_loc_fu_1024                    |  32|   0|   32|          0|
    |mux_case_8430079165_phi_loc_fu_1028                    |  32|   0|   32|          0|
    |mux_case_851849300_phi_loc_fu_1168                     |  32|   0|   32|          0|
    |mux_case_8530089168_phi_loc_fu_1032                    |  32|   0|   32|          0|
    |mux_case_8630099171_phi_loc_fu_1036                    |  32|   0|   32|          0|
    |mux_case_8730109174_phi_loc_fu_1040                    |  32|   0|   32|          0|
    |mux_case_8830119177_phi_loc_fu_1044                    |  32|   0|   32|          0|
    |mux_case_8930129180_phi_loc_fu_1048                    |  32|   0|   32|          0|
    |mux_case_9030139183_phi_loc_fu_1052                    |  32|   0|   32|          0|
    |mux_case_9130149186_phi_loc_fu_1056                    |  32|   0|   32|          0|
    |mux_case_9230159189_phi_loc_fu_1060                    |  32|   0|   32|          0|
    |mux_case_9330169192_phi_loc_fu_1064                    |  32|   0|   32|          0|
    |mux_case_9430179195_phi_loc_fu_1068                    |  32|   0|   32|          0|
    |mux_case_950879297_phi_loc_fu_1164                     |  32|   0|   32|          0|
    |mux_case_9530189198_phi_loc_fu_1072                    |  32|   0|   32|          0|
    |mux_case_9630199201_phi_loc_fu_1076                    |  32|   0|   32|          0|
    |mux_case_973020_phi_loc_fu_1208                        |  32|   0|   32|          0|
    |mux_case_983021_phi_loc_fu_1212                        |  32|   0|   32|          0|
    |mux_case_993022_phi_loc_fu_1216                        |  32|   0|   32|          0|
    |select_ln33_100_reg_5992                               |  32|   0|   32|          0|
    |select_ln33_101_reg_5997                               |  32|   0|   32|          0|
    |select_ln33_102_reg_6002                               |  32|   0|   32|          0|
    |select_ln33_103_reg_6007                               |  32|   0|   32|          0|
    |select_ln33_104_reg_6012                               |  32|   0|   32|          0|
    |select_ln33_105_reg_6017                               |  32|   0|   32|          0|
    |select_ln33_106_reg_6022                               |  32|   0|   32|          0|
    |select_ln33_107_reg_6027                               |  32|   0|   32|          0|
    |select_ln33_108_reg_6032                               |  32|   0|   32|          0|
    |select_ln33_109_reg_6037                               |  32|   0|   32|          0|
    |select_ln33_10_reg_5542                                |  32|   0|   32|          0|
    |select_ln33_110_reg_6042                               |  32|   0|   32|          0|
    |select_ln33_111_reg_6047                               |  32|   0|   32|          0|
    |select_ln33_112_reg_6052                               |  32|   0|   32|          0|
    |select_ln33_113_reg_6057                               |  32|   0|   32|          0|
    |select_ln33_114_reg_6062                               |  32|   0|   32|          0|
    |select_ln33_115_reg_6067                               |  32|   0|   32|          0|
    |select_ln33_116_reg_6072                               |  32|   0|   32|          0|
    |select_ln33_117_reg_6077                               |  32|   0|   32|          0|
    |select_ln33_118_reg_6082                               |  32|   0|   32|          0|
    |select_ln33_119_reg_6087                               |  32|   0|   32|          0|
    |select_ln33_11_reg_5547                                |  32|   0|   32|          0|
    |select_ln33_120_reg_6092                               |  32|   0|   32|          0|
    |select_ln33_121_reg_6097                               |  32|   0|   32|          0|
    |select_ln33_122_reg_6102                               |  32|   0|   32|          0|
    |select_ln33_123_reg_6107                               |  32|   0|   32|          0|
    |select_ln33_124_reg_6112                               |  32|   0|   32|          0|
    |select_ln33_125_reg_6117                               |  32|   0|   32|          0|
    |select_ln33_126_reg_6122                               |  32|   0|   32|          0|
    |select_ln33_127_reg_6127                               |  32|   0|   32|          0|
    |select_ln33_12_reg_5552                                |  32|   0|   32|          0|
    |select_ln33_13_reg_5557                                |  32|   0|   32|          0|
    |select_ln33_14_reg_5562                                |  32|   0|   32|          0|
    |select_ln33_15_reg_5567                                |  32|   0|   32|          0|
    |select_ln33_16_reg_5572                                |  32|   0|   32|          0|
    |select_ln33_17_reg_5577                                |  32|   0|   32|          0|
    |select_ln33_18_reg_5582                                |  32|   0|   32|          0|
    |select_ln33_19_reg_5587                                |  32|   0|   32|          0|
    |select_ln33_1_reg_5497                                 |  32|   0|   32|          0|
    |select_ln33_20_reg_5592                                |  32|   0|   32|          0|
    |select_ln33_21_reg_5597                                |  32|   0|   32|          0|
    |select_ln33_22_reg_5602                                |  32|   0|   32|          0|
    |select_ln33_23_reg_5607                                |  32|   0|   32|          0|
    |select_ln33_24_reg_5612                                |  32|   0|   32|          0|
    |select_ln33_25_reg_5617                                |  32|   0|   32|          0|
    |select_ln33_26_reg_5622                                |  32|   0|   32|          0|
    |select_ln33_27_reg_5627                                |  32|   0|   32|          0|
    |select_ln33_28_reg_5632                                |  32|   0|   32|          0|
    |select_ln33_29_reg_5637                                |  32|   0|   32|          0|
    |select_ln33_2_reg_5502                                 |  32|   0|   32|          0|
    |select_ln33_30_reg_5642                                |  32|   0|   32|          0|
    |select_ln33_31_reg_5647                                |  32|   0|   32|          0|
    |select_ln33_32_reg_5652                                |  32|   0|   32|          0|
    |select_ln33_33_reg_5657                                |  32|   0|   32|          0|
    |select_ln33_34_reg_5662                                |  32|   0|   32|          0|
    |select_ln33_35_reg_5667                                |  32|   0|   32|          0|
    |select_ln33_36_reg_5672                                |  32|   0|   32|          0|
    |select_ln33_37_reg_5677                                |  32|   0|   32|          0|
    |select_ln33_38_reg_5682                                |  32|   0|   32|          0|
    |select_ln33_39_reg_5687                                |  32|   0|   32|          0|
    |select_ln33_3_reg_5507                                 |  32|   0|   32|          0|
    |select_ln33_40_reg_5692                                |  32|   0|   32|          0|
    |select_ln33_41_reg_5697                                |  32|   0|   32|          0|
    |select_ln33_42_reg_5702                                |  32|   0|   32|          0|
    |select_ln33_43_reg_5707                                |  32|   0|   32|          0|
    |select_ln33_44_reg_5712                                |  32|   0|   32|          0|
    |select_ln33_45_reg_5717                                |  32|   0|   32|          0|
    |select_ln33_46_reg_5722                                |  32|   0|   32|          0|
    |select_ln33_47_reg_5727                                |  32|   0|   32|          0|
    |select_ln33_48_reg_5732                                |  32|   0|   32|          0|
    |select_ln33_49_reg_5737                                |  32|   0|   32|          0|
    |select_ln33_4_reg_5512                                 |  32|   0|   32|          0|
    |select_ln33_50_reg_5742                                |  32|   0|   32|          0|
    |select_ln33_51_reg_5747                                |  32|   0|   32|          0|
    |select_ln33_52_reg_5752                                |  32|   0|   32|          0|
    |select_ln33_53_reg_5757                                |  32|   0|   32|          0|
    |select_ln33_54_reg_5762                                |  32|   0|   32|          0|
    |select_ln33_55_reg_5767                                |  32|   0|   32|          0|
    |select_ln33_56_reg_5772                                |  32|   0|   32|          0|
    |select_ln33_57_reg_5777                                |  32|   0|   32|          0|
    |select_ln33_58_reg_5782                                |  32|   0|   32|          0|
    |select_ln33_59_reg_5787                                |  32|   0|   32|          0|
    |select_ln33_5_reg_5517                                 |  32|   0|   32|          0|
    |select_ln33_60_reg_5792                                |  32|   0|   32|          0|
    |select_ln33_61_reg_5797                                |  32|   0|   32|          0|
    |select_ln33_62_reg_5802                                |  32|   0|   32|          0|
    |select_ln33_63_reg_5807                                |  32|   0|   32|          0|
    |select_ln33_64_reg_5812                                |  32|   0|   32|          0|
    |select_ln33_65_reg_5817                                |  32|   0|   32|          0|
    |select_ln33_66_reg_5822                                |  32|   0|   32|          0|
    |select_ln33_67_reg_5827                                |  32|   0|   32|          0|
    |select_ln33_68_reg_5832                                |  32|   0|   32|          0|
    |select_ln33_69_reg_5837                                |  32|   0|   32|          0|
    |select_ln33_6_reg_5522                                 |  32|   0|   32|          0|
    |select_ln33_70_reg_5842                                |  32|   0|   32|          0|
    |select_ln33_71_reg_5847                                |  32|   0|   32|          0|
    |select_ln33_72_reg_5852                                |  32|   0|   32|          0|
    |select_ln33_73_reg_5857                                |  32|   0|   32|          0|
    |select_ln33_74_reg_5862                                |  32|   0|   32|          0|
    |select_ln33_75_reg_5867                                |  32|   0|   32|          0|
    |select_ln33_76_reg_5872                                |  32|   0|   32|          0|
    |select_ln33_77_reg_5877                                |  32|   0|   32|          0|
    |select_ln33_78_reg_5882                                |  32|   0|   32|          0|
    |select_ln33_79_reg_5887                                |  32|   0|   32|          0|
    |select_ln33_7_reg_5527                                 |  32|   0|   32|          0|
    |select_ln33_80_reg_5892                                |  32|   0|   32|          0|
    |select_ln33_81_reg_5897                                |  32|   0|   32|          0|
    |select_ln33_82_reg_5902                                |  32|   0|   32|          0|
    |select_ln33_83_reg_5907                                |  32|   0|   32|          0|
    |select_ln33_84_reg_5912                                |  32|   0|   32|          0|
    |select_ln33_85_reg_5917                                |  32|   0|   32|          0|
    |select_ln33_86_reg_5922                                |  32|   0|   32|          0|
    |select_ln33_87_reg_5927                                |  32|   0|   32|          0|
    |select_ln33_88_reg_5932                                |  32|   0|   32|          0|
    |select_ln33_89_reg_5937                                |  32|   0|   32|          0|
    |select_ln33_8_reg_5532                                 |  32|   0|   32|          0|
    |select_ln33_90_reg_5942                                |  32|   0|   32|          0|
    |select_ln33_91_reg_5947                                |  32|   0|   32|          0|
    |select_ln33_92_reg_5952                                |  32|   0|   32|          0|
    |select_ln33_93_reg_5957                                |  32|   0|   32|          0|
    |select_ln33_94_reg_5962                                |  32|   0|   32|          0|
    |select_ln33_95_reg_5967                                |  32|   0|   32|          0|
    |select_ln33_96_reg_5972                                |  32|   0|   32|          0|
    |select_ln33_97_reg_5977                                |  32|   0|   32|          0|
    |select_ln33_98_reg_5982                                |  32|   0|   32|          0|
    |select_ln33_99_reg_5987                                |  32|   0|   32|          0|
    |select_ln33_9_reg_5537                                 |  32|   0|   32|          0|
    |select_ln33_reg_5492                                   |  32|   0|   32|          0|
    |targetBlock_reg_5360                                   |   1|   0|    1|          0|
    +-------------------------------------------------------+----+----+-----+-----------+
    |Total                                                  |8264|   0| 8264|          0|
    +-------------------------------------------------------+----+----+-----+-----------+



================================================================
== Interface
================================================================
* Summary: 
+-----------------------+-----+-----+------------+--------------+--------------+
|       RTL Ports       | Dir | Bits|  Protocol  | Source Object|    C Type    |
+-----------------------+-----+-----+------------+--------------+--------------+
|s_axi_control_AWVALID  |   in|    1|       s_axi|       control|        scalar|
|s_axi_control_AWREADY  |  out|    1|       s_axi|       control|        scalar|
|s_axi_control_AWADDR   |   in|    6|       s_axi|       control|        scalar|
|s_axi_control_WVALID   |   in|    1|       s_axi|       control|        scalar|
|s_axi_control_WREADY   |  out|    1|       s_axi|       control|        scalar|
|s_axi_control_WDATA    |   in|   32|       s_axi|       control|        scalar|
|s_axi_control_WSTRB    |   in|    4|       s_axi|       control|        scalar|
|s_axi_control_ARVALID  |   in|    1|       s_axi|       control|        scalar|
|s_axi_control_ARREADY  |  out|    1|       s_axi|       control|        scalar|
|s_axi_control_ARADDR   |   in|    6|       s_axi|       control|        scalar|
|s_axi_control_RVALID   |  out|    1|       s_axi|       control|        scalar|
|s_axi_control_RREADY   |   in|    1|       s_axi|       control|        scalar|
|s_axi_control_RDATA    |  out|   32|       s_axi|       control|        scalar|
|s_axi_control_RRESP    |  out|    2|       s_axi|       control|        scalar|
|s_axi_control_BVALID   |  out|    1|       s_axi|       control|        scalar|
|s_axi_control_BREADY   |   in|    1|       s_axi|       control|        scalar|
|s_axi_control_BRESP    |  out|    2|       s_axi|       control|        scalar|
|ap_clk                 |   in|    1|  ap_ctrl_hs|           fir|  return value|
|ap_rst_n               |   in|    1|  ap_ctrl_hs|           fir|  return value|
|interrupt              |  out|    1|  ap_ctrl_hs|           fir|  return value|
+-----------------------+-----+-----+------------+--------------+--------------+

